---
source: src/package/remotes.rs
description: "local::/pkgs/testthat"
expression: "format!(\"{name} => {remote:?}\")"
---
 => Local("/pkgs/testthat")
