---
source: src/package/remotes.rs
description: "git::https://github.com/igraph/rigraph.git@main"
expression: "format!(\"{name:?} => {remote:?}\")"
---
None => Git { url: "https://github.com/igraph/rigraph.git", reference: Some("main"), pull_request: None, directory: None }
