---
source: src/package/remotes.rs
description: "git::git@bitbucket.org:djnavarro/lsr.git"
expression: "format!(\"{name:?} => {remote:?}\")"
---
Some("lsr") => Git { url: "git@bitbucket.org:djnavarro/lsr.git", reference: None, pull_request: None, directory: None }
