---
source: src/resolver/mod.rs
expression: out
---
unmet-version-req=0.0.1 (repository(url: ), type=source, path='', from_lockfile=false, from_remote=false)
--- unresolved --- 
zzlite (>= 1.0)  [required by: unmet-version-req]
