---
source: src/resolver/mod.rs
expression: out
---
--- unresolved --- 
wrong [listed in rproject.toml]: "Found package `gsm` from https://github.com/Gilead-BioStats/gsm but it is called `wrong` in the rproject.toml"
