---
source: src/resolver/mod.rs
expression: out
---
cluster=2.1.7 (repository(url: http://posit), type=binary, from_lockfile=false, path='4.5.0/Recommended')
