---
source: src/resolver/mod.rs
expression: out
---
MASS=7.3-61 (repository(url: http://posit), type=source, path='', from_lockfile=false, from_remote=false)
