---
source: tests/cli_configure_repository.rs
expression: result
---
[project]
name = "test"
r_version = "4.4"
repositories = [
    { alias = "cran", url = "https://cran.r-project.org/" },
    {alias = "posit", url = "https://packagemanager.posit.co/cran/2024-12-16/"},
]
dependencies = [
    "dplyr",
]
