---
source: tests/cli_configure_repository.rs
expression: "String::from_utf8_lossy(&output.stdout)"
---
Repository replaced successfully - new alias: 'posit-new', URL: https://packagemanager.posit.co/cran/latest
