---
source: tests/r_integration.rs
expression: filtered_output
---
+ callr (3.7.6, binary from https://packagemanager.posit.co/cran/2025-07-10) in Xms
+ processx (3.8.6, binary from https://packagemanager.posit.co/cran/2025-07-10) in Xms
+ ps (1.9.1, binary from https://packagemanager.posit.co/cran/2025-07-10) in Xms
