---
source: tests/r_integration.rs
expression: output
---
+ R6 (2.6.1, binary from https://packagemanager.posit.co/cran/2025-07-10)
