---
source: tests/r_integration.rs
expression: output
---
Nothing to do
