---
source: src/add.rs
expression: doc.to_string()
---
[project]
name = "test-project"
r_version = "4.4"

repositories = [
    { alias = "cran", url = "https://cran.r-project.org"},
    { alias = "ppm", url = "https://packagemanager.posit.co/cran/latest"},
]

dependencies = [
    { name = "dplyr", url = "https://cran.r-project.org/src/contrib/Archive/dplyr/dplyr_1.1.3.tar.gz" },
]
