---
source: src/resolver.rs
expression: out
---
R6=2.5.1 (from test)
