---
source: src/resolver.rs
expression: out
---
testing-inexisting-deps=0.0.1 (from test, type=source)
--- unresolved --- 
zzlite (>= 1.0)
