---
source: src/add.rs
expression: doc.to_string()
---
[project]
name = "test-project"
r_version = "4.4"

repositories = [
    { alias = "cran", url = "https://cran.r-project.org"},
    { alias = "ppm", url = "https://packagemanager.posit.co/cran/latest"},
]

dependencies = [
    { name = "mypkg", path = "../local/package", install_suggestions = true, dependencies_only = true },
]
