---
source: src/resolver.rs
expression: out
---
R6=2.5.1 (from , type=source, from_lockfile=false, path='')
