---
source: src/resolver.rs
expression: out
---
cluster=2.1.7 (from http://posit, type=binary, from_lockfile=false)
